2025-11-17 14:44:14,133 INFO kibegi POST /api/auth/login/ status=200 user=anon time_ms=1253.3 body=
2025-11-22 23:08:38,186 INFO kibegi GET /docs status=404 user=anon time_ms=10.7 body=
2025-11-22 23:08:38,188 WARNING django.request Not Found: /docs
2025-11-22 23:08:38,348 INFO kibegi GET /favicon.ico status=404 user=anon time_ms=10.2 body=
2025-11-22 23:08:38,350 WARNING django.request Not Found: /favicon.ico
2025-11-22 23:10:51,092 INFO kibegi GET /api/docs/ status=200 user=anon time_ms=29.9 body=
2025-11-22 23:10:53,030 INFO kibegi GET /api/schema/ status=200 user=anon time_ms=291.6 body=
2025-11-22 23:16:16,808 INFO kibegi GET /api/docs/ status=200 user=anon time_ms=23.5 body=
2025-11-22 23:16:17,365 INFO kibegi GET /api/schema/ status=200 user=anon time_ms=120.5 body=
2025-11-22 23:16:56,960 INFO kibegi POST /api/v1/auth/login/ status=200 user=anon time_ms=1067.8 body=
2025-11-22 23:20:01,768 INFO kibegi GET /api/v1/classes/?page=1&page_size=10 status=401 user=anon time_ms=56.9 body=
2025-11-22 23:20:01,772 WARNING django.request Unauthorized: /api/v1/classes/
2025-11-22 23:20:43,412 INFO kibegi GET /api/v1/classes/?page=1&page_size=10 status=200 user=itslugenge96@gmail.com time_ms=11.0 body=
2025-11-22 23:21:01,842 INFO kibegi POST /api/v1/classes/ status=201 user=itslugenge96@gmail.com time_ms=31.1 body=
2025-11-22 23:21:18,300 ERROR django.request Internal Server Error: /api/v1/classes/
Traceback (most recent call last):
  File "/home/troubleman/projects/Kibegi/Backend/venv/lib/python3.12/site-packages/django/core/handlers/exception.py", line 55, in inner
    response = get_response(request)
               ^^^^^^^^^^^^^^^^^^^^^
  File "/home/troubleman/projects/Kibegi/Backend/venv/lib/python3.12/site-packages/django/core/handlers/base.py", line 197, in _get_response
    response = wrapped_callback(request, *callback_args, **callback_kwargs)
               ^^^^^^^^^^^^^^^^^^^^^^^^^^^^^^^^^^^^^^^^^^^^^^^^^^^^^^^^^^^^
  File "/home/troubleman/projects/Kibegi/Backend/venv/lib/python3.12/site-packages/django/views/decorators/csrf.py", line 65, in _view_wrapper
    return view_func(request, *args, **kwargs)
           ^^^^^^^^^^^^^^^^^^^^^^^^^^^^^^^^^^^
  File "/home/troubleman/projects/Kibegi/Backend/venv/lib/python3.12/site-packages/django/views/generic/base.py", line 105, in view
    return self.dispatch(request, *args, **kwargs)
           ^^^^^^^^^^^^^^^^^^^^^^^^^^^^^^^^^^^^^^^
  File "/home/troubleman/projects/Kibegi/Backend/venv/lib/python3.12/site-packages/rest_framework/views.py", line 515, in dispatch
    response = self.handle_exception(exc)
               ^^^^^^^^^^^^^^^^^^^^^^^^^^
  File "/home/troubleman/projects/Kibegi/Backend/venv/lib/python3.12/site-packages/rest_framework/views.py", line 475, in handle_exception
    self.raise_uncaught_exception(exc)
  File "/home/troubleman/projects/Kibegi/Backend/venv/lib/python3.12/site-packages/rest_framework/views.py", line 486, in raise_uncaught_exception
    raise exc
  File "/home/troubleman/projects/Kibegi/Backend/venv/lib/python3.12/site-packages/rest_framework/views.py", line 512, in dispatch
    response = handler(request, *args, **kwargs)
               ^^^^^^^^^^^^^^^^^^^^^^^^^^^^^^^^^
  File "/home/troubleman/projects/Kibegi/Backend/venv/lib/python3.12/site-packages/rest_framework/generics.py", line 243, in get
    return self.list(request, *args, **kwargs)
           ^^^^^^^^^^^^^^^^^^^^^^^^^^^^^^^^^^^
  File "/home/troubleman/projects/Kibegi/Backend/classes/views.py", line 47, in list
    page = self.paginate_queryset(queryset)
           ^^^^^^^^^^^^^^^^^^^^^^^^^^^^^^^^
  File "/home/troubleman/projects/Kibegi/Backend/venv/lib/python3.12/site-packages/rest_framework/generics.py", line 175, in paginate_queryset
    return self.paginator.paginate_queryset(queryset, self.request, view=self)
           ^^^^^^^^^^^^^^^^^^^^^^^^^^^^^^^^^^^^^^^^^^^^^^^^^^^^^^^^^^^^^^^^^^^
  File "/home/troubleman/projects/Kibegi/Backend/venv/lib/python3.12/site-packages/rest_framework/pagination.py", line 222, in paginate_queryset
    return list(self.page)
           ^^^^^^^^^^^^^^^
  File "/home/troubleman/projects/Kibegi/Backend/venv/lib/python3.12/site-packages/django/core/paginator.py", line 191, in __len__
    return len(self.object_list)
           ^^^^^^^^^^^^^^^^^^^^^
  File "/home/troubleman/projects/Kibegi/Backend/venv/lib/python3.12/site-packages/django/db/models/query.py", line 368, in __len__
    self._fetch_all()
  File "/home/troubleman/projects/Kibegi/Backend/venv/lib/python3.12/site-packages/django/db/models/query.py", line 1954, in _fetch_all
    self._result_cache = list(self._iterable_class(self))
                         ^^^^^^^^^^^^^^^^^^^^^^^^^^^^^^^^
  File "/home/troubleman/projects/Kibegi/Backend/venv/lib/python3.12/site-packages/django/db/models/query.py", line 133, in __iter__
    setattr(obj, attr_name, row[col_pos])
AttributeError: property 'member_count' of 'Class' object has no setter
2025-11-22 23:21:18,303 INFO kibegi GET /api/v1/classes/?page=1&page_size=10 status=500 user=itslugenge96@gmail.com time_ms=45.3 body=
2025-11-22 23:24:43,677 INFO kibegi GET /api/v1/classes/?page=1&page_size=10 status=200 user=itslugenge96@gmail.com time_ms=24.1 body=
2025-11-22 23:25:13,616 INFO kibegi GET /api/v1/classes/665f6af4-b52f-415f-ab30-6f0ba182db70/ status=200 user=itslugenge96@gmail.com time_ms=15.8 body=
2025-11-22 23:25:37,844 INFO kibegi GET /api/v1/classes/665f6af4-b52f-415f-ab30-6f0ba182db70/members/?page=1&page_size=11111110 status=200 user=itslugenge96@gmail.com time_ms=13.3 body=
2025-11-22 23:26:01,578 INFO kibegi GET /api/v1/classes/search/?page=1&page_size=12 status=200 user=itslugenge96@gmail.com time_ms=5.0 body=
2025-11-22 23:26:22,827 INFO kibegi POST /api/v1/classes/join/ status=400 user=itslugenge96@gmail.com time_ms=3.3 body=
2025-11-22 23:26:22,829 WARNING django.request Bad Request: /api/v1/classes/join/
2025-11-22 23:29:11,902 INFO kibegi GET /api/v1/uploads/?page=1&page_size=10 status=200 user=itslugenge96@gmail.com time_ms=27.2 body=
2025-11-22 23:29:11,903 ERROR kibegi Failed to save request log to database: no such table: core_requestlog
2025-11-22 23:35:09,512 INFO kibegi POST /api/v1/uploads/ status=400 user=itslugenge96@gmail.com time_ms=50.5 body=
2025-11-22 23:35:09,523 WARNING django.request Bad Request: /api/v1/uploads/
2025-11-22 23:35:54,826 INFO kibegi POST /api/v1/uploads/ status=400 user=itslugenge96@gmail.com time_ms=8.5 body=
2025-11-22 23:35:54,840 WARNING django.request Bad Request: /api/v1/uploads/
2025-11-22 23:36:36,999 INFO kibegi POST /api/v1/uploads/ status=201 user=itslugenge96@gmail.com time_ms=25.1 body=
2025-11-22 23:37:28,793 INFO kibegi GET /api/v1/uploads/?page=1&page_size=10 status=200 user=itslugenge96@gmail.com time_ms=15.4 body=
2025-11-22 23:38:02,387 INFO kibegi GET /api/v1/uploads/recent/?page=1&page_size=12 status=200 user=itslugenge96@gmail.com time_ms=11.4 body=
2025-11-22 23:40:18,263 INFO kibegi GET /api/docs/ status=200 user=anon time_ms=26.1 body=
2025-11-22 23:40:18,859 INFO kibegi GET /api/schema/ status=200 user=anon time_ms=150.1 body=
2025-11-22 23:41:44,103 INFO kibegi GET /api/docs/ status=200 user=anon time_ms=24.0 body=
2025-11-22 23:41:44,943 INFO kibegi GET /api/schema/ status=200 user=anon time_ms=325.9 body=
2025-11-22 23:42:05,919 INFO kibegi GET /api/docs/ status=200 user=anon time_ms=2.2 body=
2025-11-22 23:42:06,354 INFO kibegi GET /api/schema/ status=200 user=anon time_ms=118.0 body=
2025-11-22 23:43:13,915 INFO kibegi GET /api/v1/classes/?page=1&page_size=12 status=200 user=itslugenge96@gmail.com time_ms=21.6 body=
2025-11-22 23:43:33,973 ERROR django.request Internal Server Error: /api/v1/uploads/
Traceback (most recent call last):
  File "/home/troubleman/projects/Kibegi/Backend/venv/lib/python3.12/site-packages/django/db/backends/utils.py", line 105, in _execute
    return self.cursor.execute(sql, params)
           ^^^^^^^^^^^^^^^^^^^^^^^^^^^^^^^^
  File "/home/troubleman/projects/Kibegi/Backend/venv/lib/python3.12/site-packages/django/db/backends/sqlite3/base.py", line 360, in execute
    return super().execute(query, params)
           ^^^^^^^^^^^^^^^^^^^^^^^^^^^^^^
sqlite3.OperationalError: table uploads_upload has no column named file_type

The above exception was the direct cause of the following exception:

Traceback (most recent call last):
  File "/home/troubleman/projects/Kibegi/Backend/venv/lib/python3.12/site-packages/django/core/handlers/exception.py", line 55, in inner
    response = get_response(request)
               ^^^^^^^^^^^^^^^^^^^^^
  File "/home/troubleman/projects/Kibegi/Backend/venv/lib/python3.12/site-packages/django/core/handlers/base.py", line 197, in _get_response
    response = wrapped_callback(request, *callback_args, **callback_kwargs)
               ^^^^^^^^^^^^^^^^^^^^^^^^^^^^^^^^^^^^^^^^^^^^^^^^^^^^^^^^^^^^
  File "/home/troubleman/projects/Kibegi/Backend/venv/lib/python3.12/site-packages/django/views/decorators/csrf.py", line 65, in _view_wrapper
    return view_func(request, *args, **kwargs)
           ^^^^^^^^^^^^^^^^^^^^^^^^^^^^^^^^^^^
  File "/home/troubleman/projects/Kibegi/Backend/venv/lib/python3.12/site-packages/django/views/generic/base.py", line 105, in view
    return self.dispatch(request, *args, **kwargs)
           ^^^^^^^^^^^^^^^^^^^^^^^^^^^^^^^^^^^^^^^
  File "/home/troubleman/projects/Kibegi/Backend/venv/lib/python3.12/site-packages/rest_framework/views.py", line 515, in dispatch
    response = self.handle_exception(exc)
               ^^^^^^^^^^^^^^^^^^^^^^^^^^
  File "/home/troubleman/projects/Kibegi/Backend/venv/lib/python3.12/site-packages/rest_framework/views.py", line 475, in handle_exception
    self.raise_uncaught_exception(exc)
  File "/home/troubleman/projects/Kibegi/Backend/venv/lib/python3.12/site-packages/rest_framework/views.py", line 486, in raise_uncaught_exception
    raise exc
  File "/home/troubleman/projects/Kibegi/Backend/venv/lib/python3.12/site-packages/rest_framework/views.py", line 512, in dispatch
    response = handler(request, *args, **kwargs)
               ^^^^^^^^^^^^^^^^^^^^^^^^^^^^^^^^^
  File "/home/troubleman/projects/Kibegi/Backend/venv/lib/python3.12/site-packages/rest_framework/generics.py", line 246, in post
    return self.create(request, *args, **kwargs)
           ^^^^^^^^^^^^^^^^^^^^^^^^^^^^^^^^^^^^^
  File "/home/troubleman/projects/Kibegi/Backend/uploads/views.py", line 44, in create
    upload = serializer.save()
             ^^^^^^^^^^^^^^^^^
  File "/home/troubleman/projects/Kibegi/Backend/venv/lib/python3.12/site-packages/rest_framework/serializers.py", line 210, in save
    self.instance = self.create(validated_data)
                    ^^^^^^^^^^^^^^^^^^^^^^^^^^^
  File "/home/troubleman/projects/Kibegi/Backend/uploads/serializers.py", line 42, in create
    return super().create(validated_data)
           ^^^^^^^^^^^^^^^^^^^^^^^^^^^^^^
  File "/home/troubleman/projects/Kibegi/Backend/venv/lib/python3.12/site-packages/rest_framework/serializers.py", line 991, in create
    instance = ModelClass._default_manager.create(**validated_data)
               ^^^^^^^^^^^^^^^^^^^^^^^^^^^^^^^^^^^^^^^^^^^^^^^^^^^^
  File "/home/troubleman/projects/Kibegi/Backend/venv/lib/python3.12/site-packages/django/db/models/manager.py", line 87, in manager_method
    return getattr(self.get_queryset(), name)(*args, **kwargs)
           ^^^^^^^^^^^^^^^^^^^^^^^^^^^^^^^^^^^^^^^^^^^^^^^^^^^
  File "/home/troubleman/projects/Kibegi/Backend/venv/lib/python3.12/site-packages/django/db/models/query.py", line 665, in create
    obj.save(force_insert=True, using=self.db)
  File "/home/troubleman/projects/Kibegi/Backend/uploads/models.py", line 108, in save
    super().save(*args, **kwargs)
  File "/home/troubleman/projects/Kibegi/Backend/venv/lib/python3.12/site-packages/django/db/models/base.py", line 902, in save
    self.save_base(
  File "/home/troubleman/projects/Kibegi/Backend/venv/lib/python3.12/site-packages/django/db/models/base.py", line 1008, in save_base
    updated = self._save_table(
              ^^^^^^^^^^^^^^^^^
  File "/home/troubleman/projects/Kibegi/Backend/venv/lib/python3.12/site-packages/django/db/models/base.py", line 1169, in _save_table
    results = self._do_insert(
              ^^^^^^^^^^^^^^^^
  File "/home/troubleman/projects/Kibegi/Backend/venv/lib/python3.12/site-packages/django/db/models/base.py", line 1210, in _do_insert
    return manager._insert(
           ^^^^^^^^^^^^^^^^
  File "/home/troubleman/projects/Kibegi/Backend/venv/lib/python3.12/site-packages/django/db/models/manager.py", line 87, in manager_method
    return getattr(self.get_queryset(), name)(*args, **kwargs)
           ^^^^^^^^^^^^^^^^^^^^^^^^^^^^^^^^^^^^^^^^^^^^^^^^^^^
  File "/home/troubleman/projects/Kibegi/Backend/venv/lib/python3.12/site-packages/django/db/models/query.py", line 1873, in _insert
    return query.get_compiler(using=using).execute_sql(returning_fields)
           ^^^^^^^^^^^^^^^^^^^^^^^^^^^^^^^^^^^^^^^^^^^^^^^^^^^^^^^^^^^^^
  File "/home/troubleman/projects/Kibegi/Backend/venv/lib/python3.12/site-packages/django/db/models/sql/compiler.py", line 1882, in execute_sql
    cursor.execute(sql, params)
  File "/home/troubleman/projects/Kibegi/Backend/venv/lib/python3.12/site-packages/django/db/backends/utils.py", line 122, in execute
    return super().execute(sql, params)
           ^^^^^^^^^^^^^^^^^^^^^^^^^^^^
  File "/home/troubleman/projects/Kibegi/Backend/venv/lib/python3.12/site-packages/django/db/backends/utils.py", line 79, in execute
    return self._execute_with_wrappers(
           ^^^^^^^^^^^^^^^^^^^^^^^^^^^^
  File "/home/troubleman/projects/Kibegi/Backend/venv/lib/python3.12/site-packages/django/db/backends/utils.py", line 92, in _execute_with_wrappers
    return executor(sql, params, many, context)
           ^^^^^^^^^^^^^^^^^^^^^^^^^^^^^^^^^^^^
  File "/home/troubleman/projects/Kibegi/Backend/venv/lib/python3.12/site-packages/django/db/backends/utils.py", line 100, in _execute
    with self.db.wrap_database_errors:
  File "/home/troubleman/projects/Kibegi/Backend/venv/lib/python3.12/site-packages/django/db/utils.py", line 91, in __exit__
    raise dj_exc_value.with_traceback(traceback) from exc_value
  File "/home/troubleman/projects/Kibegi/Backend/venv/lib/python3.12/site-packages/django/db/backends/utils.py", line 105, in _execute
    return self.cursor.execute(sql, params)
           ^^^^^^^^^^^^^^^^^^^^^^^^^^^^^^^^
  File "/home/troubleman/projects/Kibegi/Backend/venv/lib/python3.12/site-packages/django/db/backends/sqlite3/base.py", line 360, in execute
    return super().execute(query, params)
           ^^^^^^^^^^^^^^^^^^^^^^^^^^^^^^
django.db.utils.OperationalError: table uploads_upload has no column named file_type
2025-11-22 23:43:33,980 INFO kibegi POST /api/v1/uploads/ status=500 user=itslugenge96@gmail.com time_ms=53.5 body=
2025-11-22 23:50:40,933 INFO kibegi POST /api/v1/uploads/ status=201 user=itslugenge96@gmail.com time_ms=40.9 body=
2025-11-22 23:52:52,849 INFO kibegi GET /api/v1/uploads/search/?page=1&page_size=1 status=200 user=itslugenge96@gmail.com time_ms=17.0 body=
2025-11-22 23:53:35,573 INFO kibegi GET /api/v1/uploads/trash/?page=1&page_size=1 status=200 user=itslugenge96@gmail.com time_ms=9.5 body=
